// Jest Snapshot v1, https://goo.gl/fbAQLP

exports[`v2 migration to a newer stack version with transform errors collects corrupt saved object documents across batches 1`] = `
"Error: Cannot convert 'complex' objects with values that are multiple of 100 3d6c1381-8f34-407e-9d4e-2fd12594ed0d
Error: Cannot convert 'complex' objects with values that are multiple of 100 d448fbb9-4597-4ccc-934e-bd95c055ba6c
Error: Cannot convert 'complex' objects with values that are multiple of 100 460e29fd-2254-49f2-b41c-55ad64e0fd03
Error: Cannot convert 'complex' objects with values that are multiple of 100 e45b60f5-aff0-49da-85a7-5b73fe46e34b
Error: Cannot convert 'complex' objects with values that are multiple of 100 02620a73-eee9-4b10-a007-7b98381aabf6"
`;
